// Jest Snapshot v1, https://goo.gl/fbAQLP

exports[`PasswordInput Should render correctly 1`] = `
<input
  class="sc-bgqQcB irYhjw"
  type="password"
/>
`;
